// Jest Snapshot v1, https://goo.gl/fbAQLP

exports[`About page matches snapshot 1`] = `
<DocumentFragment>
  <header>
    <h1>
      Title
    </h1>
    <nav>
      <ul>
        <li
          style="display: contents;"
        >
          <a
            href="/"
            style="display: inline-block; padding: 12px;"
          >
            Home
          </a>
        </li>
        <li
          style="display: contents;"
        >
          <a
            href="/about"
            style="display: inline-block; padding: 12px;"
          >
            About
          </a>
        </li>
      </ul>
    </nav>
  </header>
  <main>
    <h2>
      About
    </h2>
  </main>
  <footer>
    <small
      lang="en"
    >
      @ 2020 example.com
    </small>
  </footer>
</DocumentFragment>
`;
